// Jest Snapshot v1, https://goo.gl/fbAQLP

exports[`Tests for ExampleButton component matches snapshot 1`] = `
<button
  onClick={[Function]}
  type="button"
>
  test
</button>
`;
